Compu_Methods_Cust_List.txt 
Compu_Methods_List.txt 
compu_method_check.log 
swscust_compu_custom_pavast.xml 
cmConfGen.lst 
Compu_Methods_Cust_List.txt 
Compu_Methods_List.txt 
compu_method_check.log 
swscust_compu_custom_pavast.xml 
cmConfGen.lst 
Compu_Methods_Cust_List.txt 
Compu_Methods_List.txt 
compu_method_check.log 
swscust_compu_custom_pavast.xml 
cmConfGen.lst 
Compu_Methods_Cust_List.txt 
Compu_Methods_List.txt 
compu_method_check.log 
swscust_compu_custom_pavast.xml 
cmConfGen.lst 
Compu_Methods_Cust_List.txt 
Compu_Methods_List.txt 
compu_method_check.log 
swscust_compu_custom_pavast.xml 
cmConfGen.lst 
Compu_Methods_Cust_List.txt 
Compu_Methods_List.txt 
compu_method_check.log 
swscust_compu_custom_pavast.xml 
cmConfGen.lst 
Compu_Methods_Cust_List.txt 
Compu_Methods_List.txt 
compu_method_check.log 
swscust_compu_custom_pavast.xml 
cmConfGen.lst 
Compu_Methods_Cust_List.txt 
Compu_Methods_List.txt 
compu_method_check.log 
swscust_compu_custom_pavast.xml 
cmConfGen.lst 
Compu_Methods_Cust_List.txt 
Compu_Methods_List.txt 
compu_method_check.log 
swscust_compu_custom_pavast.xml 
cmConfGen.lst 
Compu_Methods_Cust_List.txt 
Compu_Methods_List.txt 
compu_method_check.log 
swscust_compu_custom_pavast.xml 
cmConfGen.lst 
Compu_Methods_Cust_List.txt 
Compu_Methods_List.txt 
compu_method_check.log 
swscust_compu_custom_pavast.xml 
cmConfGen.lst 
Compu_Methods_Cust_List.txt 
Compu_Methods_List.txt 
compu_method_check.log 
swscust_compu_custom_pavast.xml 
cmConfGen.lst 
Compu_Methods_Cust_List.txt 
Compu_Methods_List.txt 
compu_method_check.log 
swscust_compu_custom_pavast.xml 
cmConfGen.lst 
Compu_Methods_Cust_List.txt 
Compu_Methods_List.txt 
compu_method_check.log 
swscust_compu_custom_pavast.xml 
cmConfGen.lst 
Compu_Methods_Cust_List.txt 
Compu_Methods_List.txt 
compu_method_check.log 
swscust_compu_custom_pavast.xml 
cmConfGen.lst 
Compu_Methods_Cust_List.txt 
Compu_Methods_List.txt 
compu_method_check.log 
swscust_compu_custom_pavast.xml 
cmConfGen.lst 
Compu_Methods_Cust_List.txt 
Compu_Methods_List.txt 
compu_method_check.log 
swscust_compu_custom_pavast.xml 
cmConfGen.lst 
Compu_Methods_Cust_List.txt 
Compu_Methods_List.txt 
compu_method_check.log 
swscust_compu_custom_pavast.xml 
cmConfGen.lst 
Compu_Methods_Cust_List.txt 
Compu_Methods_List.txt 
compu_method_check.log 
swscust_compu_custom_pavast.xml 
cmConfGen.lst 
Compu_Methods_Cust_List.txt 
Compu_Methods_List.txt 
compu_method_check.log 
swscust_compu_custom_pavast.xml 
